2026-04-03 18:51:02 [INFO] HAMON 앱 시작
2026-04-03 18:51:04 [INFO] ====== WebDriver manager ======
2026-04-03 18:51:04 [INFO] Get LATEST chromedriver version for google-chrome
2026-04-03 18:51:05 [INFO] Get LATEST chromedriver version for google-chrome
2026-04-03 18:51:05 [INFO] Driver [C:\Users\kim75\.wdm\drivers\chromedriver\win64\146.0.7680.165\chromedriver-win32/chromedriver.exe] found in cache
2026-04-03 18:51:08 [ERROR] Chrome 연결 에러: Message: session not created: Chrome failed to start: crashed.
  (session not created: DevToolsActivePort file doesn't exist)
  (The process started from chrome location C:\Program Files\Google\Chrome\Application\chrome.exe is no longer running, so ChromeDriver is assuming that Chrome has crashed.); For documentation on this error, please visit: https://www.selenium.dev/documentation/webdriver/troubleshooting/errors#sessionnotcreatedexception
Stacktrace:
	chromedriver!GetHandleVerifier [0x6dcdf3+10b03]
	chromedriver!GetHandleVerifier [0x6dcf24+10c34]
	chromedriver!(No symbol) [0x4c2120]
	chromedriver!(No symbol) [0x4f7666]
	chromedriver!(No symbol) [0x4f2690]
	chromedriver!(No symbol) [0x539cbf]
	chromedriver!(No symbol) [0x5394d7]
	chromedriver!(No symbol) [0x52d8a6]
	chromedriver!(No symbol) [0x500229]
	chromedriver!(No symbol) [0x500fe4]
	chromedriver!GetHandleVerifier [0x9448b9+2785c9]
	chromedriver!GetHandleVerifier [0x93feb5+273bc5]
	chromedriver!GetHandleVerifier [0x95e06b+291d7b]
	chromedriver!GetHandleVerifier [0x6f5cc8+299d8]
	chromedriver!GetHandleVerifier [0x6fd9fd+3170d]
	chromedriver!GetHandleVerifier [0x6e58c8+195d8]
	chromedriver!GetHandleVerifier [0x6e5a92+197a2]
	chromedriver!GetHandleVerifier [0x6cee9a+2baa]
	KERNEL32!BaseThreadInitThunk [0x76215d49+19]
	ntdll!RtlInitializeExceptionChain [0x7772d81b+6b]
	ntdll!RtlGetAppContainerNamedObjectPath [0x7772d7a1+231]

2026-04-03 18:51:18 [INFO] ====== WebDriver manager ======
2026-04-03 18:51:19 [INFO] Get LATEST chromedriver version for google-chrome
2026-04-03 18:51:20 [INFO] Get LATEST chromedriver version for google-chrome
2026-04-03 18:51:20 [INFO] Driver [C:\Users\kim75\.wdm\drivers\chromedriver\win64\146.0.7680.165\chromedriver-win32/chromedriver.exe] found in cache
2026-04-03 18:51:23 [ERROR] Chrome 연결 에러: Message: session not created: Chrome failed to start: crashed.
  (session not created: DevToolsActivePort file doesn't exist)
  (The process started from chrome location C:\Program Files\Google\Chrome\Application\chrome.exe is no longer running, so ChromeDriver is assuming that Chrome has crashed.); For documentation on this error, please visit: https://www.selenium.dev/documentation/webdriver/troubleshooting/errors#sessionnotcreatedexception
Stacktrace:
	chromedriver!GetHandleVerifier [0x6dcdf3+10b03]
	chromedriver!GetHandleVerifier [0x6dcf24+10c34]
	chromedriver!(No symbol) [0x4c2120]
	chromedriver!(No symbol) [0x4f7666]
	chromedriver!(No symbol) [0x4f2690]
	chromedriver!(No symbol) [0x539cbf]
	chromedriver!(No symbol) [0x5394d7]
	chromedriver!(No symbol) [0x52d8a6]
	chromedriver!(No symbol) [0x500229]
	chromedriver!(No symbol) [0x500fe4]
	chromedriver!GetHandleVerifier [0x9448b9+2785c9]
	chromedriver!GetHandleVerifier [0x93feb5+273bc5]
	chromedriver!GetHandleVerifier [0x95e06b+291d7b]
	chromedriver!GetHandleVerifier [0x6f5cc8+299d8]
	chromedriver!GetHandleVerifier [0x6fd9fd+3170d]
	chromedriver!GetHandleVerifier [0x6e58c8+195d8]
	chromedriver!GetHandleVerifier [0x6e5a92+197a2]
	chromedriver!GetHandleVerifier [0x6cee9a+2baa]
	KERNEL32!BaseThreadInitThunk [0x76215d49+19]
	ntdll!RtlInitializeExceptionChain [0x7772d81b+6b]
	ntdll!RtlGetAppContainerNamedObjectPath [0x7772d7a1+231]

2026-04-03 18:53:23 [INFO] HAMON 앱 종료 중...
2026-04-03 18:54:01 [INFO] HAMON 앱 시작
2026-04-03 18:54:02 [INFO] ====== WebDriver manager ======
2026-04-03 18:54:03 [INFO] Get LATEST chromedriver version for google-chrome
2026-04-03 18:54:03 [INFO] Get LATEST chromedriver version for google-chrome
2026-04-03 18:54:04 [INFO] Driver [C:\Users\kim75\.wdm\drivers\chromedriver\win64\146.0.7680.165\chromedriver-win32/chromedriver.exe] found in cache
2026-04-03 18:54:07 [ERROR] Chrome 연결 에러: Message: session not created: Chrome failed to start: crashed.
  (session not created: DevToolsActivePort file doesn't exist)
  (The process started from chrome location C:\Program Files\Google\Chrome\Application\chrome.exe is no longer running, so ChromeDriver is assuming that Chrome has crashed.); For documentation on this error, please visit: https://www.selenium.dev/documentation/webdriver/troubleshooting/errors#sessionnotcreatedexception
Stacktrace:
	chromedriver!GetHandleVerifier [0x6dcdf3+10b03]
	chromedriver!GetHandleVerifier [0x6dcf24+10c34]
	chromedriver!(No symbol) [0x4c2120]
	chromedriver!(No symbol) [0x4f7666]
	chromedriver!(No symbol) [0x4f2690]
	chromedriver!(No symbol) [0x539cbf]
	chromedriver!(No symbol) [0x5394d7]
	chromedriver!(No symbol) [0x52d8a6]
	chromedriver!(No symbol) [0x500229]
	chromedriver!(No symbol) [0x500fe4]
	chromedriver!GetHandleVerifier [0x9448b9+2785c9]
	chromedriver!GetHandleVerifier [0x93feb5+273bc5]
	chromedriver!GetHandleVerifier [0x95e06b+291d7b]
	chromedriver!GetHandleVerifier [0x6f5cc8+299d8]
	chromedriver!GetHandleVerifier [0x6fd9fd+3170d]
	chromedriver!GetHandleVerifier [0x6e58c8+195d8]
	chromedriver!GetHandleVerifier [0x6e5a92+197a2]
	chromedriver!GetHandleVerifier [0x6cee9a+2baa]
	KERNEL32!BaseThreadInitThunk [0x76215d49+19]
	ntdll!RtlInitializeExceptionChain [0x7772d81b+6b]
	ntdll!RtlGetAppContainerNamedObjectPath [0x7772d7a1+231]

2026-04-03 18:54:14 [INFO] HAMON 앱 종료 중...
2026-04-03 19:01:48 [INFO] HAMON 앱 시작
2026-04-03 19:01:52 [INFO] ====== WebDriver manager ======
2026-04-03 19:01:52 [INFO] Get LATEST chromedriver version for google-chrome
2026-04-03 19:01:53 [INFO] Get LATEST chromedriver version for google-chrome
2026-04-03 19:01:53 [INFO] Driver [C:\Users\kim75\.wdm\drivers\chromedriver\win64\146.0.7680.165\chromedriver-win32/chromedriver.exe] found in cache
2026-04-03 19:02:02 [INFO] ====== WebDriver manager ======
2026-04-03 19:02:02 [INFO] Get LATEST chromedriver version for google-chrome
2026-04-03 19:02:03 [INFO] Get LATEST chromedriver version for google-chrome
2026-04-03 19:02:03 [INFO] Driver [C:\Users\kim75\.wdm\drivers\chromedriver\win64\146.0.7680.165\chromedriver-win32/chromedriver.exe] found in cache
2026-04-03 19:02:34 [INFO] 검색 키워드 추가: 플레이스테이션
2026-04-03 19:02:47 [INFO] 검색 키워드 추가: PS5
2026-04-03 19:02:52 [INFO] 제외 키워드 추가: 본체
2026-04-03 19:02:56 [INFO] 제외 키워드 추가: 디지털
2026-04-03 19:03:01 [INFO] 제외 키워드 추가: 디스크
2026-04-03 19:03:11 [INFO] 모니터링 시작됨
2026-04-03 19:03:45 [INFO] 검색 키워드 추가: 닌텐도
2026-04-03 19:03:47 [INFO] 모니터링 중지됨
2026-04-03 19:03:48 [INFO] 모니터링 시작됨
2026-04-03 21:12:37 [INFO] HAMON 앱 시작
2026-04-03 21:13:01 [INFO] 검색 키워드 추가: PS4 게임 타이틀
2026-04-03 21:13:23 [INFO] ====== WebDriver manager ======
2026-04-03 21:13:24 [INFO] Get LATEST chromedriver version for google-chrome
2026-04-03 21:13:24 [INFO] Get LATEST chromedriver version for google-chrome
2026-04-03 21:13:25 [INFO] Driver [C:\Users\kim75\.wdm\drivers\chromedriver\win64\146.0.7680.165\chromedriver-win32/chromedriver.exe] found in cache
2026-04-03 21:13:28 [ERROR] Chrome 연결 에러: Message: session not created: Chrome failed to start: crashed.
  (session not created: DevToolsActivePort file doesn't exist)
  (The process started from chrome location C:\Program Files\Google\Chrome\Application\chrome.exe is no longer running, so ChromeDriver is assuming that Chrome has crashed.); For documentation on this error, please visit: https://www.selenium.dev/documentation/webdriver/troubleshooting/errors#sessionnotcreatedexception
Stacktrace:
	chromedriver!GetHandleVerifier [0x6dcdf3+10b03]
	chromedriver!GetHandleVerifier [0x6dcf24+10c34]
	chromedriver!(No symbol) [0x4c2120]
	chromedriver!(No symbol) [0x4f7666]
	chromedriver!(No symbol) [0x4f2690]
	chromedriver!(No symbol) [0x539cbf]
	chromedriver!(No symbol) [0x5394d7]
	chromedriver!(No symbol) [0x52d8a6]
	chromedriver!(No symbol) [0x500229]
	chromedriver!(No symbol) [0x500fe4]
	chromedriver!GetHandleVerifier [0x9448b9+2785c9]
	chromedriver!GetHandleVerifier [0x93feb5+273bc5]
	chromedriver!GetHandleVerifier [0x95e06b+291d7b]
	chromedriver!GetHandleVerifier [0x6f5cc8+299d8]
	chromedriver!GetHandleVerifier [0x6fd9fd+3170d]
	chromedriver!GetHandleVerifier [0x6e58c8+195d8]
	chromedriver!GetHandleVerifier [0x6e5a92+197a2]
	chromedriver!GetHandleVerifier [0x6cee9a+2baa]
	KERNEL32!BaseThreadInitThunk [0x76215d49+19]
	ntdll!RtlInitializeExceptionChain [0x7772d81b+6b]
	ntdll!RtlGetAppContainerNamedObjectPath [0x7772d7a1+231]

2026-04-03 21:13:39 [INFO] HAMON 앱 종료 중...
2026-04-03 21:14:50 [INFO] HAMON 앱 시작
2026-04-03 21:14:56 [INFO] ====== WebDriver manager ======
2026-04-03 21:14:56 [INFO] Get LATEST chromedriver version for google-chrome
2026-04-03 21:14:57 [INFO] Get LATEST chromedriver version for google-chrome
2026-04-03 21:14:57 [INFO] Driver [C:\Users\kim75\.wdm\drivers\chromedriver\win64\146.0.7680.165\chromedriver-win32/chromedriver.exe] found in cache
2026-04-03 21:15:08 [INFO] ====== WebDriver manager ======
2026-04-03 21:15:09 [INFO] Get LATEST chromedriver version for google-chrome
2026-04-03 21:15:09 [INFO] Get LATEST chromedriver version for google-chrome
2026-04-03 21:15:09 [INFO] Driver [C:\Users\kim75\.wdm\drivers\chromedriver\win64\146.0.7680.165\chromedriver-win32/chromedriver.exe] found in cache
2026-04-03 21:15:17 [INFO] 모니터링 시작됨
2026-04-03 21:15:39 [INFO] 모니터링 중지됨
2026-04-03 21:15:40 [INFO] 모니터링 시작됨
2026-04-03 22:14:54 [INFO] 검색 키워드 추가: PS4
2026-04-03 22:16:16 [INFO] 모니터링 중지됨
2026-04-03 22:16:16 [INFO] 모니터링 시작됨
2026-04-03 22:17:26 [INFO] 모니터링 중지됨
2026-04-03 22:17:27 [INFO] 모니터링 시작됨
2026-04-03 22:18:30 [INFO] 검색 키워드 추가: PS5
2026-04-03 22:19:37 [INFO] 검색 키워드 추가: 2ds 마인크래프트
2026-04-03 22:19:51 [INFO] 검색 키워드 추가: xbox 마인크래프트
2026-04-03 22:20:44 [INFO] 검색 키워드 추가: 닌텐도
2026-04-03 22:20:52 [INFO] 검색 키워드 추가: 스위치 oled
2026-04-03 22:21:08 [INFO] 검색 키워드 추가: 하만카돈
2026-04-03 22:21:14 [INFO] 검색 키워드 추가: 하이랄에디션
2026-04-03 22:21:24 [INFO] 검색 키워드 추가: oled 젤다
2026-04-04 11:14:28 [INFO] 모니터링 중지됨
2026-04-04 11:14:28 [INFO] 모니터링 시작됨
2026-04-04 11:16:38 [INFO] HAMON 앱 종료 중...
2026-04-05 00:26:10 [INFO] HAMON 앱 시작
2026-04-05 00:26:33 [INFO] ====== WebDriver manager ======
2026-04-05 00:26:34 [INFO] Get LATEST chromedriver version for google-chrome
2026-04-05 00:26:37 [INFO] Get LATEST chromedriver version for google-chrome
2026-04-05 00:26:38 [INFO] Driver [C:\Users\kim75\.wdm\drivers\chromedriver\win64\146.0.7680.165\chromedriver-win32/chromedriver.exe] found in cache
2026-04-05 00:26:47 [INFO] ====== WebDriver manager ======
2026-04-05 00:26:48 [INFO] Get LATEST chromedriver version for google-chrome
2026-04-05 00:26:48 [INFO] 모니터링 시작됨
2026-04-05 00:26:48 [INFO] Get LATEST chromedriver version for google-chrome
2026-04-05 00:26:49 [INFO] Driver [C:\Users\kim75\.wdm\drivers\chromedriver\win64\146.0.7680.165\chromedriver-win32/chromedriver.exe] found in cache
2026-04-05 00:28:01 [INFO] 검색 키워드 추가: ps4
2026-04-05 00:28:11 [INFO] 모니터링 중지됨
2026-04-05 00:28:20 [INFO] 검색 키워드 추가: ps4
2026-04-05 00:28:21 [INFO] 모니터링 시작됨
2026-04-05 00:29:07 [INFO] 모니터링 중지됨
2026-04-05 00:29:09 [INFO] 모니터링 시작됨
2026-04-05 00:35:26 [INFO] 검색 키워드 추가: 하이랄에디션
2026-04-05 00:35:40 [INFO] 검색 키워드 추가: 스위치 OLED 젤다
2026-04-05 00:36:03 [INFO] 검색 키워드 추가: XBOX 마인크래프트
2026-04-05 01:08:20 [INFO] HAMON 앱 종료 중...
2026-04-07 15:18:54 [INFO] HAMON 앱 시작
2026-04-07 15:19:02 [INFO] ====== WebDriver manager ======
2026-04-07 15:19:03 [INFO] Get LATEST chromedriver version for google-chrome
2026-04-07 15:19:04 [INFO] Get LATEST chromedriver version for google-chrome
2026-04-07 15:19:04 [INFO] Get LATEST chromedriver version for google-chrome
2026-04-07 15:19:05 [INFO] WebDriver version 146.0.7680.165 selected
2026-04-07 15:19:05 [INFO] Modern chrome version https://storage.googleapis.com/chrome-for-testing-public/146.0.7680.165/win32/chromedriver-win32.zip
2026-04-07 15:19:05 [INFO] About to download new driver from https://storage.googleapis.com/chrome-for-testing-public/146.0.7680.165/win32/chromedriver-win32.zip
2026-04-07 15:19:06 [INFO] Driver downloading response is 200
2026-04-07 15:19:06 [INFO] Get LATEST chromedriver version for google-chrome
2026-04-07 15:19:07 [INFO] Driver has been saved in cache [C:\Users\kim75\.wdm\drivers\chromedriver\win64\146.0.7680.165]
2026-04-07 15:19:17 [INFO] ====== WebDriver manager ======
2026-04-07 15:19:18 [INFO] Get LATEST chromedriver version for google-chrome
2026-04-07 15:19:18 [INFO] Get LATEST chromedriver version for google-chrome
2026-04-07 15:19:19 [INFO] Driver [C:\Users\kim75\.wdm\drivers\chromedriver\win64\146.0.7680.165\chromedriver-win32/chromedriver.exe] found in cache
2026-04-07 15:19:22 [INFO] HAMON 앱 종료 중...
